Backend Lint & Test	Run Unit Tests and Enforce 90% Coverage	∩╗┐2026-08-20T06:45:51.7536633Z ##[group]Run if [ "$(ls -A .)" ] && [ -f "go.mod" ]; then
Backend Lint & Test	Run Unit Tests and Enforce 90% Coverage	2026-08-20T06:45:51.7537089Z [36;1mif [ "$(ls -A .)" ] && [ -f "go.mod" ]; then[0m
Backend Lint & Test	Run Unit Tests and Enforce 90% Coverage	2026-08-20T06:45:51.7537477Z [36;1m  go test -v -coverprofile=coverage.out ./... || exit 1[0m
Backend Lint & Test	Run Unit Tests and Enforce 90% Coverage	2026-08-20T06:45:51.7537853Z [36;1m  if [ -f "coverage.out" ]; then[0m
Backend Lint & Test	Run Unit Tests and Enforce 90% Coverage	2026-08-20T06:45:51.7538721Z [36;1m    COVERAGE=$(go tool cover -func=coverage.out | grep total | awk '{print substr($3, 1, length($3)-1)}')[0m
Backend Lint & Test	Run Unit Tests and Enforce 90% Coverage	2026-08-20T06:45:51.7539618Z [36;1m    echo "Total Test Coverage: $COVERAGE%"[0m
Backend Lint & Test	Run Unit Tests and Enforce 90% Coverage	2026-08-20T06:45:51.7539973Z [36;1m    if (( $(echo "$COVERAGE < 90.0" | bc -l) )); then[0m
Backend Lint & Test	Run Unit Tests and Enforce 90% Coverage	2026-08-20T06:45:51.7540452Z [36;1m      echo "::error::Test coverage ($COVERAGE%) is below the required 90%. Failing the build."[0m
Backend Lint & Test	Run Unit Tests and Enforce 90% Coverage	2026-08-20T06:45:51.7540890Z [36;1m      exit 1[0m
Backend Lint & Test	Run Unit Tests and Enforce 90% Coverage	2026-08-20T06:45:51.7541096Z [36;1m    else[0m
Backend Lint & Test	Run Unit Tests and Enforce 90% Coverage	2026-08-20T06:45:51.7541330Z [36;1m      echo "Γ£à Coverage requirement met!"[0m
Backend Lint & Test	Run Unit Tests and Enforce 90% Coverage	2026-08-20T06:45:51.7541612Z [36;1m    fi[0m
Backend Lint & Test	Run Unit Tests and Enforce 90% Coverage	2026-08-20T06:45:51.7541841Z [36;1m  fi[0m
Backend Lint & Test	Run Unit Tests and Enforce 90% Coverage	2026-08-20T06:45:51.7542024Z [36;1melse[0m
Backend Lint & Test	Run Unit Tests and Enforce 90% Coverage	2026-08-20T06:45:51.7542303Z [36;1m  echo "Skipping tests, directory is empty or missing go.mod"[0m
Backend Lint & Test	Run Unit Tests and Enforce 90% Coverage	2026-08-20T06:45:51.7542647Z [36;1mfi[0m
Backend Lint & Test	Run Unit Tests and Enforce 90% Coverage	2026-08-20T06:45:51.7579151Z shell: /usr/bin/bash -e {0}
Backend Lint & Test	Run Unit Tests and Enforce 90% Coverage	2026-08-20T06:45:51.7579413Z ##[endgroup]
Backend Lint & Test	Run Unit Tests and Enforce 90% Coverage	2026-08-20T06:45:51.7819365Z go: downloading github.com/stretchr/testify v1.11.1
Backend Lint & Test	Run Unit Tests and Enforce 90% Coverage	2026-08-20T06:45:51.7820022Z go: downloading github.com/DATA-DOG/go-sqlmock v1.5.2
Backend Lint & Test	Run Unit Tests and Enforce 90% Coverage	2026-08-20T06:45:51.9945615Z go: downloading gopkg.in/yaml.v3 v3.0.1
Backend Lint & Test	Run Unit Tests and Enforce 90% Coverage	2026-08-20T06:45:51.9947052Z go: downloading github.com/davecgh/go-spew v1.1.2-0.20180830191138-d8f796af33cc
Backend Lint & Test	Run Unit Tests and Enforce 90% Coverage	2026-08-20T06:45:51.9948617Z go: downloading github.com/pmezard/go-difflib v1.0.1-0.20181226105442-5d4384ee4fb2
Backend Lint & Test	Run Unit Tests and Enforce 90% Coverage	2026-08-20T06:46:26.8469699Z # github.com/Cong-ty-TNNH-Q-Tech/Q-Love/backend/server/internal/services
Backend Lint & Test	Run Unit Tests and Enforce 90% Coverage	2026-08-20T06:46:26.8559717Z ##[error]internal/services/auction_service.go:36:3: unknown field auctionRepo in struct literal of type auctionService
Backend Lint & Test	Run Unit Tests and Enforce 90% Coverage	2026-08-20T06:46:26.8587956Z ##[error]internal/services/auction_service.go:37:3: unknown field walletRepo in struct literal of type auctionService
Backend Lint & Test	Run Unit Tests and Enforce 90% Coverage	2026-08-20T06:46:26.8599289Z ##[error]internal/services/auction_service.go:38:3: unknown field txManager in struct literal of type auctionService
Backend Lint & Test	Run Unit Tests and Enforce 90% Coverage	2026-08-20T06:46:26.8603609Z ##[error]internal/services/auction_service.go:39:3: unknown field userRepo in struct literal of type auctionService
Backend Lint & Test	Run Unit Tests and Enforce 90% Coverage	2026-08-20T06:46:26.8607268Z ##[error]internal/services/auction_service.go:44:11: s.auctionRepo undefined (type *auctionService has no field or method auctionRepo)
Backend Lint & Test	Run Unit Tests and Enforce 90% Coverage	2026-08-20T06:46:26.8611078Z ##[error]internal/services/auction_service.go:51:21: s.userRepo undefined (type *auctionService has no field or method userRepo)
Backend Lint & Test	Run Unit Tests and Enforce 90% Coverage	2026-08-20T06:46:26.8617546Z ##[error]internal/services/auction_service.go:64:15: s.auctionRepo undefined (type *auctionService has no field or method auctionRepo)
Backend Lint & Test	Run Unit Tests and Enforce 90% Coverage	2026-08-20T06:46:26.8621627Z ##[error]internal/services/auction_service.go:76:11: s.txManager undefined (type *auctionService has no field or method txManager)
Backend Lint & Test	Run Unit Tests and Enforce 90% Coverage	2026-08-20T06:46:26.8627313Z ##[error]internal/services/auction_service.go:78:21: s.auctionRepo undefined (type *auctionService has no field or method auctionRepo)
Backend Lint & Test	Run Unit Tests and Enforce 90% Coverage	2026-08-20T06:46:26.8630819Z ##[error]internal/services/auction_service.go:90:20: s.walletRepo undefined (type *auctionService has no field or method walletRepo)
Backend Lint & Test	Run Unit Tests and Enforce 90% Coverage	2026-08-20T06:46:26.8633407Z ##[error]internal/services/auction_service.go:90:20: too many errors
Backend Lint & Test	Run Unit Tests and Enforce 90% Coverage	2026-08-20T06:46:29.8563460Z FAIL	github.com/Cong-ty-TNNH-Q-Tech/Q-Love/backend/server/cmd [build failed]
Backend Lint & Test	Run Unit Tests and Enforce 90% Coverage	2026-08-20T06:46:30.0325947Z === RUN   TestLoadConfig
Backend Lint & Test	Run Unit Tests and Enforce 90% Coverage	2026-08-20T06:46:30.0327950Z --- PASS: TestLoadConfig (0.00s)
Backend Lint & Test	Run Unit Tests and Enforce 90% Coverage	2026-08-20T06:46:30.0329003Z === RUN   TestGetEnv
Backend Lint & Test	Run Unit Tests and Enforce 90% Coverage	2026-08-20T06:46:30.0330086Z --- PASS: TestGetEnv (0.00s)
Backend Lint & Test	Run Unit Tests and Enforce 90% Coverage	2026-08-20T06:46:30.0330726Z PASS
Backend Lint & Test	Run Unit Tests and Enforce 90% Coverage	2026-08-20T06:46:30.0331316Z coverage: 87.5% of statements
Backend Lint & Test	Run Unit Tests and Enforce 90% Coverage	2026-08-20T06:46:30.0332430Z ok  	github.com/Cong-ty-TNNH-Q-Tech/Q-Love/backend/server/config	0.003s	coverage: 87.5% of statements
Backend Lint & Test	Run Unit Tests and Enforce 90% Coverage	2026-08-20T06:46:30.0334318Z FAIL	github.com/Cong-ty-TNNH-Q-Tech/Q-Love/backend/server/internal/api [build failed]
Backend Lint & Test	Run Unit Tests and Enforce 90% Coverage	2026-08-20T06:46:31.0243705Z FAIL	github.com/Cong-ty-TNNH-Q-Tech/Q-Love/backend/server/internal/api/handlers [build failed]
Backend Lint & Test	Run Unit Tests and Enforce 90% Coverage	2026-08-20T06:46:31.4485367Z === RUN   TestJWTMiddleware
Backend Lint & Test	Run Unit Tests and Enforce 90% Coverage	2026-08-20T06:46:31.4486030Z === RUN   TestJWTMiddleware/Missing_Authorization_header
Backend Lint & Test	Run Unit Tests and Enforce 90% Coverage	2026-08-20T06:46:31.4486806Z === RUN   TestJWTMiddleware/Invalid_Authorization_format_(no_Bearer)
Backend Lint & Test	Run Unit Tests and Enforce 90% Coverage	2026-08-20T06:46:31.4487967Z === RUN   TestJWTMiddleware/Invalid_Authorization_format_(only_Bearer)
Backend Lint & Test	Run Unit Tests and Enforce 90% Coverage	2026-08-20T06:46:31.4488932Z === RUN   TestJWTMiddleware/Invalid_token_signature
Backend Lint & Test	Run Unit Tests and Enforce 90% Coverage	2026-08-20T06:46:31.4489504Z === RUN   TestJWTMiddleware/Invalid_algorithm
Backend Lint & Test	Run Unit Tests and Enforce 90% Coverage	2026-08-20T06:46:31.4490038Z === RUN   TestJWTMiddleware/Expired_token
Backend Lint & Test	Run Unit Tests and Enforce 90% Coverage	2026-08-20T06:46:31.4490567Z === RUN   TestJWTMiddleware/Invalid_UUID_subject
Backend Lint & Test	Run Unit Tests and Enforce 90% Coverage	2026-08-20T06:46:31.4491106Z === RUN   TestJWTMiddleware/Missing_sub_claim
Backend Lint & Test	Run Unit Tests and Enforce 90% Coverage	2026-08-20T06:46:31.4491621Z === RUN   TestJWTMiddleware/Valid_token
Backend Lint & Test	Run Unit Tests and Enforce 90% Coverage	2026-08-20T06:46:31.4492129Z --- PASS: TestJWTMiddleware (0.00s)
Backend Lint & Test	Run Unit Tests and Enforce 90% Coverage	2026-08-20T06:46:31.4492867Z     --- PASS: TestJWTMiddleware/Missing_Authorization_header (0.00s)
Backend Lint & Test	Run Unit Tests and Enforce 90% Coverage	2026-08-20T06:46:31.4493845Z     --- PASS: TestJWTMiddleware/Invalid_Authorization_format_(no_Bearer) (0.00s)
Backend Lint & Test	Run Unit Tests and Enforce 90% Coverage	2026-08-20T06:46:31.4495074Z     --- PASS: TestJWTMiddleware/Invalid_Authorization_format_(only_Bearer) (0.00s)
Backend Lint & Test	Run Unit Tests and Enforce 90% Coverage	2026-08-20T06:46:31.4495824Z     --- PASS: TestJWTMiddleware/Invalid_token_signature (0.00s)
Backend Lint & Test	Run Unit Tests and Enforce 90% Coverage	2026-08-20T06:46:31.4496322Z     --- PASS: TestJWTMiddleware/Invalid_algorithm (0.00s)
Backend Lint & Test	Run Unit Tests and Enforce 90% Coverage	2026-08-20T06:46:31.4496739Z     --- PASS: TestJWTMiddleware/Expired_token (0.00s)
Backend Lint & Test	Run Unit Tests and Enforce 90% Coverage	2026-08-20T06:46:31.4497169Z     --- PASS: TestJWTMiddleware/Invalid_UUID_subject (0.00s)
Backend Lint & Test	Run Unit Tests and Enforce 90% Coverage	2026-08-20T06:46:31.4497591Z     --- PASS: TestJWTMiddleware/Missing_sub_claim (0.00s)
Backend Lint & Test	Run Unit Tests and Enforce 90% Coverage	2026-08-20T06:46:31.4497979Z     --- PASS: TestJWTMiddleware/Valid_token (0.00s)
Backend Lint & Test	Run Unit Tests and Enforce 90% Coverage	2026-08-20T06:46:31.4498607Z === RUN   TestLocketRateLimiter_Bypass
Backend Lint & Test	Run Unit Tests and Enforce 90% Coverage	2026-08-20T06:46:31.4499111Z --- PASS: TestLocketRateLimiter_Bypass (0.00s)
Backend Lint & Test	Run Unit Tests and Enforce 90% Coverage	2026-08-20T06:46:31.4499460Z === RUN   TestLocketRateLimiter_Limit
Backend Lint & Test	Run Unit Tests and Enforce 90% Coverage	2026-08-20T06:46:31.4499785Z --- PASS: TestLocketRateLimiter_Limit (0.00s)
Backend Lint & Test	Run Unit Tests and Enforce 90% Coverage	2026-08-20T06:46:31.4500065Z PASS
Backend Lint & Test	Run Unit Tests and Enforce 90% Coverage	2026-08-20T06:46:31.4500275Z coverage: 97.0% of statements
Backend Lint & Test	Run Unit Tests and Enforce 90% Coverage	2026-08-20T06:46:31.4500806Z ok  	github.com/Cong-ty-TNNH-Q-Tech/Q-Love/backend/server/internal/middleware	0.007s	coverage: 97.0% of statements
Backend Lint & Test	Run Unit Tests and Enforce 90% Coverage	2026-08-20T06:46:31.4501526Z ?   	github.com/Cong-ty-TNNH-Q-Tech/Q-Love/backend/server/internal/models	[no test files]
Backend Lint & Test	Run Unit Tests and Enforce 90% Coverage	2026-08-20T06:46:32.0348591Z === RUN   TestAuctionRepository_CreateAuction
Backend Lint & Test	Run Unit Tests and Enforce 90% Coverage	2026-08-20T06:46:32.0349858Z --- PASS: TestAuctionRepository_CreateAuction (0.00s)
Backend Lint & Test	Run Unit Tests and Enforce 90% Coverage	2026-08-20T06:46:32.0351119Z === RUN   TestAuctionRepository_GetActiveAuctions
Backend Lint & Test	Run Unit Tests and Enforce 90% Coverage	2026-08-20T06:46:32.0352470Z --- PASS: TestAuctionRepository_GetActiveAuctions (0.00s)
Backend Lint & Test	Run Unit Tests and Enforce 90% Coverage	2026-08-20T06:46:32.0353746Z === RUN   TestAuctionRepository_GetActiveAuctions_Error
Backend Lint & Test	Run Unit Tests and Enforce 90% Coverage	2026-08-20T06:46:32.0355009Z --- PASS: TestAuctionRepository_GetActiveAuctions_Error (0.00s)
Backend Lint & Test	Run Unit Tests and Enforce 90% Coverage	2026-08-20T06:46:32.0356275Z === RUN   TestAuctionRepository_GetActiveAuctionsCursor
Backend Lint & Test	Run Unit Tests and Enforce 90% Coverage	2026-08-20T06:46:32.0357463Z --- PASS: TestAuctionRepository_GetActiveAuctionsCursor (0.00s)
Backend Lint & Test	Run Unit Tests and Enforce 90% Coverage	2026-08-20T06:46:32.0358655Z === RUN   TestAuctionRepository_GetBidsForAuctions
Backend Lint & Test	Run Unit Tests and Enforce 90% Coverage	2026-08-20T06:46:32.0359965Z --- PASS: TestAuctionRepository_GetBidsForAuctions (0.00s)
Backend Lint & Test	Run Unit Tests and Enforce 90% Coverage	2026-08-20T06:46:32.0361020Z === RUN   TestAuctionRepository_PlaceBid
Backend Lint & Test	Run Unit Tests and Enforce 90% Coverage	2026-08-20T06:46:32.0362211Z --- PASS: TestAuctionRepository_PlaceBid (0.00s)
Backend Lint & Test	Run Unit Tests and Enforce 90% Coverage	2026-08-20T06:46:32.0363294Z === RUN   TestAuctionRepository_UpdateAuctionStatus
Backend Lint & Test	Run Unit Tests and Enforce 90% Coverage	2026-08-20T06:46:32.0364390Z --- PASS: TestAuctionRepository_UpdateAuctionStatus (0.00s)
Backend Lint & Test	Run Unit Tests and Enforce 90% Coverage	2026-08-20T06:46:32.0365571Z === RUN   TestAuctionRepository_GetAuctionForUpdate
Backend Lint & Test	Run Unit Tests and Enforce 90% Coverage	2026-08-20T06:46:32.0366785Z --- PASS: TestAuctionRepository_GetAuctionForUpdate (0.00s)
Backend Lint & Test	Run Unit Tests and Enforce 90% Coverage	2026-08-20T06:46:32.0367959Z === RUN   TestAuctionRepository_GetHighestBid
Backend Lint & Test	Run Unit Tests and Enforce 90% Coverage	2026-08-20T06:46:32.0369543Z --- PASS: TestAuctionRepository_GetHighestBid (0.00s)
Backend Lint & Test	Run Unit Tests and Enforce 90% Coverage	2026-08-20T06:46:32.0370964Z === RUN   TestAuctionRepository_GetBidsByAuction
Backend Lint & Test	Run Unit Tests and Enforce 90% Coverage	2026-08-20T06:46:32.0371883Z --- PASS: TestAuctionRepository_GetBidsByAuction (0.00s)
Backend Lint & Test	Run Unit Tests and Enforce 90% Coverage	2026-08-20T06:46:32.0372994Z === RUN   TestCardStealRepository
Backend Lint & Test	Run Unit Tests and Enforce 90% Coverage	2026-08-20T06:46:32.0373755Z --- PASS: TestCardStealRepository (0.00s)
Backend Lint & Test	Run Unit Tests and Enforce 90% Coverage	2026-08-20T06:46:32.0374512Z === RUN   TestCardStealRepository_Errors
Backend Lint & Test	Run Unit Tests and Enforce 90% Coverage	2026-08-20T06:46:32.0375279Z --- PASS: TestCardStealRepository_Errors (0.00s)
Backend Lint & Test	Run Unit Tests and Enforce 90% Coverage	2026-08-20T06:46:32.0376048Z === RUN   TestChatMessageRepository_Create
Backend Lint & Test	Run Unit Tests and Enforce 90% Coverage	2026-08-20T06:46:32.0377372Z --- PASS: TestChatMessageRepository_Create (0.00s)
Backend Lint & Test	Run Unit Tests and Enforce 90% Coverage	2026-08-20T06:46:32.0378435Z === RUN   TestChatRepository_SaveMessage
Backend Lint & Test	Run Unit Tests and Enforce 90% Coverage	2026-08-20T06:46:32.0379553Z --- PASS: TestChatRepository_SaveMessage (0.00s)
Backend Lint & Test	Run Unit Tests and Enforce 90% Coverage	2026-08-20T06:46:32.0380439Z === RUN   TestChatRepository_GetMessagesByMatchID
Backend Lint & Test	Run Unit Tests and Enforce 90% Coverage	2026-08-20T06:46:32.0381332Z --- PASS: TestChatRepository_GetMessagesByMatchID (0.00s)
Backend Lint & Test	Run Unit Tests and Enforce 90% Coverage	2026-08-20T06:46:32.0382158Z === RUN   TestClanRepository_CreateClan
Backend Lint & Test	Run Unit Tests and Enforce 90% Coverage	2026-08-20T06:46:32.0382898Z --- PASS: TestClanRepository_CreateClan (0.00s)
Backend Lint & Test	Run Unit Tests and Enforce 90% Coverage	2026-08-20T06:46:32.0383731Z === RUN   TestClanRepository_AddClanMember
Backend Lint & Test	Run Unit Tests and Enforce 90% Coverage	2026-08-20T06:46:32.0384518Z --- PASS: TestClanRepository_AddClanMember (0.00s)
Backend Lint & Test	Run Unit Tests and Enforce 90% Coverage	2026-08-20T06:46:32.0385396Z === RUN   TestClanRepository_FindByName
Backend Lint & Test	Run Unit Tests and Enforce 90% Coverage	2026-08-20T06:46:32.0386464Z --- PASS: TestClanRepository_FindByName (0.00s)
Backend Lint & Test	Run Unit Tests and Enforce 90% Coverage	2026-08-20T06:46:32.0387306Z === RUN   TestMatchRepository_FindByID
Backend Lint & Test	Run Unit Tests and Enforce 90% Coverage	2026-08-20T06:46:32.0388117Z --- PASS: TestMatchRepository_FindByID (0.00s)
Backend Lint & Test	Run Unit Tests and Enforce 90% Coverage	2026-08-20T06:46:32.0389304Z === RUN   TestMatchRepository_UpdateLastInteraction
Backend Lint & Test	Run Unit Tests and Enforce 90% Coverage	2026-08-20T06:46:32.0390214Z --- PASS: TestMatchRepository_UpdateLastInteraction (0.00s)
Backend Lint & Test	Run Unit Tests and Enforce 90% Coverage	2026-08-20T06:46:32.0391080Z === RUN   TestShameRepository_GetActiveShames
Backend Lint & Test	Run Unit Tests and Enforce 90% Coverage	2026-08-20T06:46:32.0391910Z --- PASS: TestShameRepository_GetActiveShames (0.00s)
Backend Lint & Test	Run Unit Tests and Enforce 90% Coverage	2026-08-20T06:46:32.0392721Z === RUN   TestShameRepository_GetActiveShames_Error
Backend Lint & Test	Run Unit Tests and Enforce 90% Coverage	2026-08-20T06:46:32.0393590Z --- PASS: TestShameRepository_GetActiveShames_Error (0.00s)
Backend Lint & Test	Run Unit Tests and Enforce 90% Coverage	2026-08-20T06:46:32.0394483Z === RUN   TestShameRepository_IncrementTomatoCount
Backend Lint & Test	Run Unit Tests and Enforce 90% Coverage	2026-08-20T06:46:32.0395390Z --- PASS: TestShameRepository_IncrementTomatoCount (0.00s)
Backend Lint & Test	Run Unit Tests and Enforce 90% Coverage	2026-08-20T06:46:32.0396336Z === RUN   TestShameRepository_IncrementTomatoCount_Error
Backend Lint & Test	Run Unit Tests and Enforce 90% Coverage	2026-08-20T06:46:32.0397265Z --- PASS: TestShameRepository_IncrementTomatoCount_Error (0.00s)
Backend Lint & Test	Run Unit Tests and Enforce 90% Coverage	2026-08-20T06:46:32.0398180Z === RUN   TestTransactionManager_WithTransaction
Backend Lint & Test	Run Unit Tests and Enforce 90% Coverage	2026-08-20T06:46:32.0399291Z --- PASS: TestTransactionManager_WithTransaction (0.00s)
Backend Lint & Test	Run Unit Tests and Enforce 90% Coverage	2026-08-20T06:46:32.0400204Z === RUN   TestTransactionManager_WithTransaction_Error
Backend Lint & Test	Run Unit Tests and Enforce 90% Coverage	2026-08-20T06:46:32.0401202Z --- PASS: TestTransactionManager_WithTransaction_Error (0.00s)
Backend Lint & Test	Run Unit Tests and Enforce 90% Coverage	2026-08-20T06:46:32.0402174Z === RUN   TestGetDB
Backend Lint & Test	Run Unit Tests and Enforce 90% Coverage	2026-08-20T06:46:32.0402834Z --- PASS: TestGetDB (0.00s)
Backend Lint & Test	Run Unit Tests and Enforce 90% Coverage	2026-08-20T06:46:32.0403563Z === RUN   TestUserPremiumRepository_IsUserPremium
Backend Lint & Test	Run Unit Tests and Enforce 90% Coverage	2026-08-20T06:46:32.0404451Z --- PASS: TestUserPremiumRepository_IsUserPremium (0.00s)
Backend Lint & Test	Run Unit Tests and Enforce 90% Coverage	2026-08-20T06:46:32.0405349Z === RUN   TestUserPremiumRepository_IsUserPremium_Error
Backend Lint & Test	Run Unit Tests and Enforce 90% Coverage	2026-08-20T06:46:32.0405973Z 
Backend Lint & Test	Run Unit Tests and Enforce 90% Coverage	2026-08-20T06:46:32.0407595Z 2026/08/20 06:46:32 [31;1m/home/runner/work/Q-Love/Q-Love/backend/server/internal/repository/user_premium_repository.go:29 [35;1minvalid db
Backend Lint & Test	Run Unit Tests and Enforce 90% Coverage	2026-08-20T06:46:32.0410179Z [0m[33m[0.025ms] [34;1m[rows:0][0m SELECT count(*) FROM "user_premiums" WHERE user_id = 'f0bf8001-7c80-436e-bef7-eba3605ac3c9' AND expires_at > '2026-08-20 06:46:32.021'
Backend Lint & Test	Run Unit Tests and Enforce 90% Coverage	2026-08-20T06:46:32.0411753Z --- PASS: TestUserPremiumRepository_IsUserPremium_Error (0.00s)
Backend Lint & Test	Run Unit Tests and Enforce 90% Coverage	2026-08-20T06:46:32.0412984Z === RUN   TestUserPremiumRepository_ActivatePremium
Backend Lint & Test	Run Unit Tests and Enforce 90% Coverage	2026-08-20T06:46:32.0413684Z 
Backend Lint & Test	Run Unit Tests and Enforce 90% Coverage	2026-08-20T06:46:32.0414867Z 2026/08/20 06:46:32 [31;1m/home/runner/work/Q-Love/Q-Love/backend/server/internal/repository/user_premium_repository.go:46 [35;1minvalid db
Backend Lint & Test	Run Unit Tests and Enforce 90% Coverage	2026-08-20T06:46:32.0416329Z [0m[33m[0.032ms] [34;1m[rows:0][0m 
Backend Lint & Test	Run Unit Tests and Enforce 90% Coverage	2026-08-20T06:46:32.0417192Z 		INSERT INTO user_premiums (user_id, expires_at) 
Backend Lint & Test	Run Unit Tests and Enforce 90% Coverage	2026-08-20T06:46:32.0418505Z 		VALUES ('efc9a387-5f7d-4e7a-88d8-8c4d9136245e', '2026-09-20 06:46:32.022') 
Backend Lint & Test	Run Unit Tests and Enforce 90% Coverage	2026-08-20T06:46:32.0419497Z 		ON CONFLICT (user_id) 
Backend Lint & Test	Run Unit Tests and Enforce 90% Coverage	2026-08-20T06:46:32.0420633Z 		DO UPDATE SET expires_at = CASE 
Backend Lint & Test	Run Unit Tests and Enforce 90% Coverage	2026-08-20T06:46:32.0422502Z             WHEN user_premiums.expires_at > CURRENT_TIMESTAMP THEN user_premiums.expires_at + (EXCLUDED.expires_at - CURRENT_TIMESTAMP)
Backend Lint & Test	Run Unit Tests and Enforce 90% Coverage	2026-08-20T06:46:32.0423973Z             ELSE EXCLUDED.expires_at
Backend Lint & Test	Run Unit Tests and Enforce 90% Coverage	2026-08-20T06:46:32.0424666Z         END
Backend Lint & Test	Run Unit Tests and Enforce 90% Coverage	2026-08-20T06:46:32.0425367Z --- PASS: TestUserPremiumRepository_ActivatePremium (0.00s)
Backend Lint & Test	Run Unit Tests and Enforce 90% Coverage	2026-08-20T06:46:32.0426261Z === RUN   TestUserRepository_GetTopUsersByScore
Backend Lint & Test	Run Unit Tests and Enforce 90% Coverage	2026-08-20T06:46:32.0427364Z --- PASS: TestUserRepository_GetTopUsersByScore (0.00s)
Backend Lint & Test	Run Unit Tests and Enforce 90% Coverage	2026-08-20T06:46:32.0428452Z === RUN   TestUserRepository_GetTopUsersByScore_Error
Backend Lint & Test	Run Unit Tests and Enforce 90% Coverage	2026-08-20T06:46:32.0429081Z 
Backend Lint & Test	Run Unit Tests and Enforce 90% Coverage	2026-08-20T06:46:32.0430522Z 2026/08/20 06:46:32 [31;1m/home/runner/work/Q-Love/Q-Love/backend/server/internal/repository/user_repository.go:33 [35;1massert.AnError general error for testing
Backend Lint & Test	Run Unit Tests and Enforce 90% Coverage	2026-08-20T06:46:32.0433048Z [0m[33m[0.054ms] [34;1m[rows:0][0m SELECT "user_id" FROM "card_profiles" ORDER BY (match_count_cached + locket_count_cached + clan_upvote_cached - court_penalty_cached) DESC LIMIT 5
Backend Lint & Test	Run Unit Tests and Enforce 90% Coverage	2026-08-20T06:46:32.0459143Z --- PASS: TestUserRepository_GetTopUsersByScore_Error (0.00s)
Backend Lint & Test	Run Unit Tests and Enforce 90% Coverage	2026-08-20T06:46:32.0478986Z === RUN   TestUserViolationRepository
Backend Lint & Test	Run Unit Tests and Enforce 90% Coverage	2026-08-20T06:46:32.0503426Z --- PASS: TestUserViolationRepository (0.00s)
Backend Lint & Test	Run Unit Tests and Enforce 90% Coverage	2026-08-20T06:46:32.0511748Z === RUN   TestWalletRepository_AddCommission
Backend Lint & Test	Run Unit Tests and Enforce 90% Coverage	2026-08-20T06:46:32.0512622Z --- PASS: TestWalletRepository_AddCommission (0.00s)
Backend Lint & Test	Run Unit Tests and Enforce 90% Coverage	2026-08-20T06:46:32.0513301Z === RUN   TestWalletRepository_AddCommission_Error
Backend Lint & Test	Run Unit Tests and Enforce 90% Coverage	2026-08-20T06:46:32.0513985Z --- PASS: TestWalletRepository_AddCommission_Error (0.00s)
Backend Lint & Test	Run Unit Tests and Enforce 90% Coverage	2026-08-20T06:46:32.0514810Z === RUN   TestWalletRepository_CreateTransaction
Backend Lint & Test	Run Unit Tests and Enforce 90% Coverage	2026-08-20T06:46:32.0515481Z --- PASS: TestWalletRepository_CreateTransaction (0.00s)
Backend Lint & Test	Run Unit Tests and Enforce 90% Coverage	2026-08-20T06:46:32.0516157Z === RUN   TestWalletRepository_GetWalletForUpdate
Backend Lint & Test	Run Unit Tests and Enforce 90% Coverage	2026-08-20T06:46:32.0516943Z --- PASS: TestWalletRepository_GetWalletForUpdate (0.00s)
Backend Lint & Test	Run Unit Tests and Enforce 90% Coverage	2026-08-20T06:46:32.0517647Z === RUN   TestWalletRepository_GetWalletForUpdate_Error
Backend Lint & Test	Run Unit Tests and Enforce 90% Coverage	2026-08-20T06:46:32.0518773Z --- PASS: TestWalletRepository_GetWalletForUpdate_Error (0.00s)
Backend Lint & Test	Run Unit Tests and Enforce 90% Coverage	2026-08-20T06:46:32.0519510Z === RUN   TestWalletRepository_UpdateBalance
Backend Lint & Test	Run Unit Tests and Enforce 90% Coverage	2026-08-20T06:46:32.0520116Z --- PASS: TestWalletRepository_UpdateBalance (0.00s)
Backend Lint & Test	Run Unit Tests and Enforce 90% Coverage	2026-08-20T06:46:32.0520806Z === RUN   TestWalletRepository_UpdateBalance_Error
Backend Lint & Test	Run Unit Tests and Enforce 90% Coverage	2026-08-20T06:46:32.0521219Z 
Backend Lint & Test	Run Unit Tests and Enforce 90% Coverage	2026-08-20T06:46:32.0522389Z 2026/08/20 06:46:32 [31;1m/home/runner/work/Q-Love/Q-Love/backend/server/internal/repository/wallet_repository.go:57 [35;1minvalid db
Backend Lint & Test	Run Unit Tests and Enforce 90% Coverage	2026-08-20T06:46:32.0524370Z [0m[33m[0.163ms] [34;1m[rows:0][0m UPDATE "user_wallets" SET "balance"=balance + 50 WHERE user_id = 'd2052cd1-c273-4724-ba60-442eceb3c9f6'
Backend Lint & Test	Run Unit Tests and Enforce 90% Coverage	2026-08-20T06:46:32.0525637Z --- PASS: TestWalletRepository_UpdateBalance_Error (0.00s)
Backend Lint & Test	Run Unit Tests and Enforce 90% Coverage	2026-08-20T06:46:32.0526381Z === RUN   TestWalletRepository_CheckTransactionExists
Backend Lint & Test	Run Unit Tests and Enforce 90% Coverage	2026-08-20T06:46:32.0526804Z 
Backend Lint & Test	Run Unit Tests and Enforce 90% Coverage	2026-08-20T06:46:32.0527874Z 2026/08/20 06:46:32 [31;1m/home/runner/work/Q-Love/Q-Love/backend/server/internal/repository/wallet_repository.go:66 [35;1minvalid db
Backend Lint & Test	Run Unit Tests and Enforce 90% Coverage	2026-08-20T06:46:32.0529934Z [0m[33m[0.026ms] [34;1m[rows:0][0m SELECT count(*) FROM "wallet_transactions" WHERE id = '1f8e5f5f-2a5d-4c15-bcf7-36d6472ee85f'
Backend Lint & Test	Run Unit Tests and Enforce 90% Coverage	2026-08-20T06:46:32.0531160Z --- PASS: TestWalletRepository_CheckTransactionExists (0.00s)
Backend Lint & Test	Run Unit Tests and Enforce 90% Coverage	2026-08-20T06:46:32.0531917Z === RUN   TestWingmanRepository_CreateReferral
Backend Lint & Test	Run Unit Tests and Enforce 90% Coverage	2026-08-20T06:46:32.0532549Z --- PASS: TestWingmanRepository_CreateReferral (0.00s)
Backend Lint & Test	Run Unit Tests and Enforce 90% Coverage	2026-08-20T06:46:32.0533241Z === RUN   TestWingmanRepository_GetReferralByID
Backend Lint & Test	Run Unit Tests and Enforce 90% Coverage	2026-08-20T06:46:32.0533879Z --- PASS: TestWingmanRepository_GetReferralByID (0.00s)
Backend Lint & Test	Run Unit Tests and Enforce 90% Coverage	2026-08-20T06:46:32.0534544Z === RUN   TestWingmanRepository_GetReferralByID_Error
Backend Lint & Test	Run Unit Tests and Enforce 90% Coverage	2026-08-20T06:46:32.0535289Z --- PASS: TestWingmanRepository_GetReferralByID_Error (0.00s)
Backend Lint & Test	Run Unit Tests and Enforce 90% Coverage	2026-08-20T06:46:32.0536021Z === RUN   TestWingmanRepository_UpdateReferral
Backend Lint & Test	Run Unit Tests and Enforce 90% Coverage	2026-08-20T06:46:32.0536655Z --- PASS: TestWingmanRepository_UpdateReferral (0.00s)
Backend Lint & Test	Run Unit Tests and Enforce 90% Coverage	2026-08-20T06:46:32.0537192Z PASS
Backend Lint & Test	Run Unit Tests and Enforce 90% Coverage	2026-08-20T06:46:32.0537877Z coverage: 90.0% of statements
Backend Lint & Test	Run Unit Tests and Enforce 90% Coverage	2026-08-20T06:46:32.0539372Z ok  	github.com/Cong-ty-TNNH-Q-Tech/Q-Love/backend/server/internal/repository	0.024s	coverage: 90.0% of statements
Backend Lint & Test	Run Unit Tests and Enforce 90% Coverage	2026-08-20T06:46:32.0540652Z FAIL	github.com/Cong-ty-TNNH-Q-Tech/Q-Love/backend/server/internal/services [build failed]
Backend Lint & Test	Run Unit Tests and Enforce 90% Coverage	2026-08-20T06:46:32.6802753Z === RUN   TestHub_Run
Backend Lint & Test	Run Unit Tests and Enforce 90% Coverage	2026-08-20T06:46:32.6803452Z --- PASS: TestHub_Run (0.10s)
Backend Lint & Test	Run Unit Tests and Enforce 90% Coverage	2026-08-20T06:46:32.6803936Z === RUN   TestHub_ConsumeRedisStream
Backend Lint & Test	Run Unit Tests and Enforce 90% Coverage	2026-08-20T06:46:32.6804942Z 2026-08-20T06:46:32.118Z	INFO	websocket/hub.go:50	Client registered	{"user_id": "f721291e-89ae-4d22-bd63-59b8d28409d7"}
Backend Lint & Test	Run Unit Tests and Enforce 90% Coverage	2026-08-20T06:46:32.6805925Z 2026-08-20T06:46:32.171Z	INFO	websocket/hub.go:62	Client unregistered	{"user_id": "f721291e-89ae-4d22-bd63-59b8d28409d7"}
Backend Lint & Test	Run Unit Tests and Enforce 90% Coverage	2026-08-20T06:46:32.6806656Z --- PASS: TestHub_ConsumeRedisStream (0.21s)
Backend Lint & Test	Run Unit Tests and Enforce 90% Coverage	2026-08-20T06:46:32.6807134Z === RUN   TestWebsocket_Integration
Backend Lint & Test	Run Unit Tests and Enforce 90% Coverage	2026-08-20T06:46:32.6807803Z 2026-08-20T06:46:32.423Z	INFO	websocket/hub.go:50	Client registered	{"user_id": "3de28cde-89a8-4116-8487-fb581f49043a"}
Backend Lint & Test	Run Unit Tests and Enforce 90% Coverage	2026-08-20T06:46:32.6809178Z 2026-08-20T06:46:32.574Z	ERROR	websocket/client.go:44	websocket close error	{"error": "websocket: close 1000 (normal)"}
Backend Lint & Test	Run Unit Tests and Enforce 90% Coverage	2026-08-20T06:46:32.6810093Z github.com/Cong-ty-TNNH-Q-Tech/Q-Love/backend/server/internal/websocket.(*Client).ReadPump
Backend Lint & Test	Run Unit Tests and Enforce 90% Coverage	2026-08-20T06:46:32.6823682Z 	/home/runner/work/Q-Love/Q-Love/backend/server/internal/websocket/client.go:44
Backend Lint & Test	Run Unit Tests and Enforce 90% Coverage	2026-08-20T06:46:32.6824705Z github.com/Cong-ty-TNNH-Q-Tech/Q-Love/backend/server/internal/websocket.TestWebsocket_Integration.func2
Backend Lint & Test	Run Unit Tests and Enforce 90% Coverage	2026-08-20T06:46:32.6825829Z 	/home/runner/work/Q-Love/Q-Love/backend/server/internal/websocket/websocket_test.go:44
Backend Lint & Test	Run Unit Tests and Enforce 90% Coverage	2026-08-20T06:46:32.6826608Z github.com/gofiber/websocket/v2.New.func2.5
Backend Lint & Test	Run Unit Tests and Enforce 90% Coverage	2026-08-20T06:46:32.6829512Z 	/home/runner/go/pkg/mod/github.com/gofiber/websocket/v2@v2.2.1/websocket.go:130
Backend Lint & Test	Run Unit Tests and Enforce 90% Coverage	2026-08-20T06:46:32.6830474Z github.com/fasthttp/websocket.(*FastHTTPUpgrader).Upgrade.func1
Backend Lint & Test	Run Unit Tests and Enforce 90% Coverage	2026-08-20T06:46:32.6831405Z 	/home/runner/go/pkg/mod/github.com/fasthttp/websocket@v1.5.3/server_fasthttp.go:201
Backend Lint & Test	Run Unit Tests and Enforce 90% Coverage	2026-08-20T06:46:32.6832181Z github.com/valyala/fasthttp.hijackConnHandler
Backend Lint & Test	Run Unit Tests and Enforce 90% Coverage	2026-08-20T06:46:32.6833007Z 	/home/runner/go/pkg/mod/github.com/valyala/fasthttp@v1.56.0/server.go:2525
Backend Lint & Test	Run Unit Tests and Enforce 90% Coverage	2026-08-20T06:46:32.6834093Z 2026-08-20T06:46:32.574Z	INFO	websocket/hub.go:62	Client unregistered	{"user_id": "3de28cde-89a8-4116-8487-fb581f49043a"}
Backend Lint & Test	Run Unit Tests and Enforce 90% Coverage	2026-08-20T06:46:32.6835004Z --- PASS: TestWebsocket_Integration (0.35s)
Backend Lint & Test	Run Unit Tests and Enforce 90% Coverage	2026-08-20T06:46:32.6835519Z === RUN   TestHub_PublishMessage_JSONError
Backend Lint & Test	Run Unit Tests and Enforce 90% Coverage	2026-08-20T06:46:32.6836038Z --- PASS: TestHub_PublishMessage_JSONError (0.00s)
Backend Lint & Test	Run Unit Tests and Enforce 90% Coverage	2026-08-20T06:46:32.6836513Z PASS
Backend Lint & Test	Run Unit Tests and Enforce 90% Coverage	2026-08-20T06:46:32.6836830Z coverage: 83.3% of statements
Backend Lint & Test	Run Unit Tests and Enforce 90% Coverage	2026-08-20T06:46:32.6837669Z ok  	github.com/Cong-ty-TNNH-Q-Tech/Q-Love/backend/server/internal/websocket	0.670s	coverage: 83.3% of statements
Backend Lint & Test	Run Unit Tests and Enforce 90% Coverage	2026-08-20T06:46:32.6838772Z === RUN   TestNewPostgresDB_EmptyDSN
Backend Lint & Test	Run Unit Tests and Enforce 90% Coverage	2026-08-20T06:46:32.6839267Z --- PASS: TestNewPostgresDB_EmptyDSN (0.00s)
Backend Lint & Test	Run Unit Tests and Enforce 90% Coverage	2026-08-20T06:46:32.6839767Z === RUN   TestNewPostgresDB_InvalidDSN
Backend Lint & Test	Run Unit Tests and Enforce 90% Coverage	2026-08-20T06:46:32.6840991Z 2026-08-20T06:46:32.014Z	ERROR	database/db.go:34	Failed to connect to database	{"error": "cannot parse `invalid-dsn`: failed to parse as keyword/value (invalid keyword/value)"}
Backend Lint & Test	Run Unit Tests and Enforce 90% Coverage	2026-08-20T06:46:32.6842384Z github.com/Cong-ty-TNNH-Q-Tech/Q-Love/backend/server/pkg/database.NewPostgresDB
Backend Lint & Test	Run Unit Tests and Enforce 90% Coverage	2026-08-20T06:46:32.6843273Z 	/home/runner/work/Q-Love/Q-Love/backend/server/pkg/database/db.go:34
Backend Lint & Test	Run Unit Tests and Enforce 90% Coverage	2026-08-20T06:46:32.6844228Z github.com/Cong-ty-TNNH-Q-Tech/Q-Love/backend/server/pkg/database.TestNewPostgresDB_InvalidDSN
Backend Lint & Test	Run Unit Tests and Enforce 90% Coverage	2026-08-20T06:46:32.6845227Z 	/home/runner/work/Q-Love/Q-Love/backend/server/pkg/database/db_test.go:40
Backend Lint & Test	Run Unit Tests and Enforce 90% Coverage	2026-08-20T06:46:32.6845851Z testing.tRunner
Backend Lint & Test	Run Unit Tests and Enforce 90% Coverage	2026-08-20T06:46:32.6846374Z 	/opt/hostedtoolcache/go/1.25.12/x64/src/testing/testing.go:1934
Backend Lint & Test	Run Unit Tests and Enforce 90% Coverage	2026-08-20T06:46:32.6847003Z --- PASS: TestNewPostgresDB_InvalidDSN (0.00s)
Backend Lint & Test	Run Unit Tests and Enforce 90% Coverage	2026-08-20T06:46:32.6847506Z === RUN   TestNewPostgresDB_SkipDSN
Backend Lint & Test	Run Unit Tests and Enforce 90% Coverage	2026-08-20T06:46:32.6848199Z 2026-08-20T06:46:32.014Z	INFO	database/db.go:28	Skipping database connection for testing
Backend Lint & Test	Run Unit Tests and Enforce 90% Coverage	2026-08-20T06:46:32.6849665Z --- PASS: TestNewPostgresDB_SkipDSN (0.00s)
Backend Lint & Test	Run Unit Tests and Enforce 90% Coverage	2026-08-20T06:46:32.6850168Z === RUN   TestNewPostgresDB_Success
Backend Lint & Test	Run Unit Tests and Enforce 90% Coverage	2026-08-20T06:46:32.6850900Z 2026-08-20T06:46:32.014Z	INFO	database/db.go:49	Successfully connected to PostgreSQL database
Backend Lint & Test	Run Unit Tests and Enforce 90% Coverage	2026-08-20T06:46:32.6851666Z --- PASS: TestNewPostgresDB_Success (0.00s)
Backend Lint & Test	Run Unit Tests and Enforce 90% Coverage	2026-08-20T06:46:32.6852102Z PASS
Backend Lint & Test	Run Unit Tests and Enforce 90% Coverage	2026-08-20T06:46:32.6852415Z coverage: 88.9% of statements
Backend Lint & Test	Run Unit Tests and Enforce 90% Coverage	2026-08-20T06:46:32.6853427Z ok  	github.com/Cong-ty-TNNH-Q-Tech/Q-Love/backend/server/pkg/database	0.009s	coverage: 88.9% of statements
Backend Lint & Test	Run Unit Tests and Enforce 90% Coverage	2026-08-20T06:46:32.6854261Z === RUN   TestInitLogger
Backend Lint & Test	Run Unit Tests and Enforce 90% Coverage	2026-08-20T06:46:32.6854876Z 2026-08-20T06:46:32.416Z	INFO	logger/logger.go:36	Sentry initialized successfully
Backend Lint & Test	Run Unit Tests and Enforce 90% Coverage	2026-08-20T06:46:32.6855975Z 2026-08-20T06:46:32.416Z	ERROR	logger/logger.go:34	sentry.Init failed	{"error": "[Sentry] DsnParseError: invalid scheme"}
Backend Lint & Test	Run Unit Tests and Enforce 90% Coverage	2026-08-20T06:46:32.6857058Z github.com/Cong-ty-TNNH-Q-Tech/Q-Love/backend/server/pkg/logger.InitLogger
Backend Lint & Test	Run Unit Tests and Enforce 90% Coverage	2026-08-20T06:46:32.6857935Z 	/home/runner/work/Q-Love/Q-Love/backend/server/pkg/logger/logger.go:34
Backend Lint & Test	Run Unit Tests and Enforce 90% Coverage	2026-08-20T06:46:32.6861814Z github.com/Cong-ty-TNNH-Q-Tech/Q-Love/backend/server/pkg/logger.TestInitLogger
Backend Lint & Test	Run Unit Tests and Enforce 90% Coverage	2026-08-20T06:46:32.6862888Z 	/home/runner/work/Q-Love/Q-Love/backend/server/pkg/logger/logger_test.go:31
Backend Lint & Test	Run Unit Tests and Enforce 90% Coverage	2026-08-20T06:46:32.6863590Z testing.tRunner
Backend Lint & Test	Run Unit Tests and Enforce 90% Coverage	2026-08-20T06:46:32.6863969Z 	/opt/hostedtoolcache/go/1.25.12/x64/src/testing/testing.go:1934
Backend Lint & Test	Run Unit Tests and Enforce 90% Coverage	2026-08-20T06:46:32.6864384Z --- PASS: TestInitLogger (0.00s)
Backend Lint & Test	Run Unit Tests and Enforce 90% Coverage	2026-08-20T06:46:32.6864633Z PASS
Backend Lint & Test	Run Unit Tests and Enforce 90% Coverage	2026-08-20T06:46:32.6864840Z coverage: 90.9% of statements
Backend Lint & Test	Run Unit Tests and Enforce 90% Coverage	2026-08-20T06:46:32.6865345Z ok  	github.com/Cong-ty-TNNH-Q-Tech/Q-Love/backend/server/pkg/logger	0.005s	coverage: 90.9% of statements
Backend Lint & Test	Run Unit Tests and Enforce 90% Coverage	2026-08-20T06:46:32.6865871Z === RUN   TestNewRedisClient_InvalidURL
Backend Lint & Test	Run Unit Tests and Enforce 90% Coverage	2026-08-20T06:46:32.6866198Z --- PASS: TestNewRedisClient_InvalidURL (0.00s)
Backend Lint & Test	Run Unit Tests and Enforce 90% Coverage	2026-08-20T06:46:32.6866537Z === RUN   TestNewRedisClient_PingFail
Backend Lint & Test	Run Unit Tests and Enforce 90% Coverage	2026-08-20T06:46:32.6866848Z --- PASS: TestNewRedisClient_PingFail (0.07s)
Backend Lint & Test	Run Unit Tests and Enforce 90% Coverage	2026-08-20T06:46:32.6867166Z === RUN   TestNewRedisClient_Skip
Backend Lint & Test	Run Unit Tests and Enforce 90% Coverage	2026-08-20T06:46:32.6867445Z --- PASS: TestNewRedisClient_Skip (0.00s)
Backend Lint & Test	Run Unit Tests and Enforce 90% Coverage	2026-08-20T06:46:32.6867705Z PASS
Backend Lint & Test	Run Unit Tests and Enforce 90% Coverage	2026-08-20T06:46:32.6867902Z coverage: 88.9% of statements
Backend Lint & Test	Run Unit Tests and Enforce 90% Coverage	2026-08-20T06:46:32.6868774Z ok  	github.com/Cong-ty-TNNH-Q-Tech/Q-Love/backend/server/pkg/redis	0.074s	coverage: 88.9% of statements
Backend Lint & Test	Run Unit Tests and Enforce 90% Coverage	2026-08-20T06:46:32.6869613Z === RUN   TestNewR2Client
Backend Lint & Test	Run Unit Tests and Enforce 90% Coverage	2026-08-20T06:46:32.6870028Z --- PASS: TestNewR2Client (0.00s)
Backend Lint & Test	Run Unit Tests and Enforce 90% Coverage	2026-08-20T06:46:32.6870500Z === RUN   TestGeneratePresignedURL_Error
Backend Lint & Test	Run Unit Tests and Enforce 90% Coverage	2026-08-20T06:46:32.6871028Z --- PASS: TestGeneratePresignedURL_Error (0.00s)
Backend Lint & Test	Run Unit Tests and Enforce 90% Coverage	2026-08-20T06:46:32.6871487Z PASS
Backend Lint & Test	Run Unit Tests and Enforce 90% Coverage	2026-08-20T06:46:32.6871819Z coverage: 92.3% of statements
Backend Lint & Test	Run Unit Tests and Enforce 90% Coverage	2026-08-20T06:46:32.6872392Z ok  	github.com/Cong-ty-TNNH-Q-Tech/Q-Love/backend/server/pkg/storage	0.005s	coverage: 92.3% of statements
Backend Lint & Test	Run Unit Tests and Enforce 90% Coverage	2026-08-20T06:46:32.6872919Z FAIL
Backend Lint & Test	Run Unit Tests and Enforce 90% Coverage	2026-08-20T06:46:32.8205302Z ##[error]Process completed with exit code 1.
